f:\project\vs-project\zombie arena\zombie arena\debug\vc143.pdb
f:\project\vs-project\zombie arena\zombie arena\debug\vc143.idb
f:\project\vs-project\zombie arena\zombie arena\debug\zombie arena.obj
f:\project\vs-project\zombie arena\zombie arena\debug\player.obj
f:\project\vs-project\zombie arena\zombie arena\debug\createbackground.obj
f:\project\vs-project\zombie arena\zombie arena\debug\zombie arena.ilk
f:\project\vs-project\zombie arena\zombie arena\debug\createbackground.obj.enc
f:\project\vs-project\zombie arena\debug\zombie arena.pdb
f:\project\vs-project\zombie arena\zombie arena\debug\zombie arena.tlog\cl.command.1.tlog
f:\project\vs-project\zombie arena\zombie arena\debug\zombie arena.tlog\cl.items.tlog
f:\project\vs-project\zombie arena\zombie arena\debug\zombie arena.tlog\cl.read.1.tlog
f:\project\vs-project\zombie arena\zombie arena\debug\zombie arena.tlog\cl.write.1.tlog
f:\project\vs-project\zombie arena\zombie arena\debug\zombie arena.tlog\link-cvtres.read.1.tlog
f:\project\vs-project\zombie arena\zombie arena\debug\zombie arena.tlog\link-cvtres.write.1.tlog
f:\project\vs-project\zombie arena\zombie arena\debug\zombie arena.tlog\link-rc.read.1.tlog
f:\project\vs-project\zombie arena\zombie arena\debug\zombie arena.tlog\link-rc.write.1.tlog
f:\project\vs-project\zombie arena\zombie arena\debug\zombie arena.tlog\link.24788-cvtres.read.1.tlog
f:\project\vs-project\zombie arena\zombie arena\debug\zombie arena.tlog\link.24788-cvtres.write.1.tlog
f:\project\vs-project\zombie arena\zombie arena\debug\zombie arena.tlog\link.24788-rc.read.1.tlog
f:\project\vs-project\zombie arena\zombie arena\debug\zombie arena.tlog\link.24788-rc.write.1.tlog
f:\project\vs-project\zombie arena\zombie arena\debug\zombie arena.tlog\link.24788.read.1.tlog
f:\project\vs-project\zombie arena\zombie arena\debug\zombie arena.tlog\link.24788.write.1.tlog
f:\project\vs-project\zombie arena\zombie arena\debug\zombie arena.tlog\link.command.1.tlog
f:\project\vs-project\zombie arena\zombie arena\debug\zombie arena.tlog\link.read.1.tlog
f:\project\vs-project\zombie arena\zombie arena\debug\zombie arena.tlog\link.secondary.1.tlog
f:\project\vs-project\zombie arena\zombie arena\debug\zombie arena.tlog\link.write.1.tlog
